// Vitest Snapshot v1, https://vitest.dev/guide/snapshot.html

exports[`Hero.jsx > should correcly 1`] = `
<div
  className="bg-gray-100 flex flex-col items-center h-28 text-center"
>
  <p
    className=" text-2xl font-bold mx-auto flex flex-col p-4"
  />
</div>
`;
